../Core/userLogic_forTest/logic_test.c:63:6:logicTest_cnvrtTostr_andSend	40	static
../Core/userLogic_forTest/logic_test.c:75:6:logicTest_TC0X	24	static
../Core/userLogic_forTest/logic_test.c:93:6:logicTest_TC1X	24	static
../Core/userLogic_forTest/logic_test.c:111:6:logicTest_TC2X	24	static
../Core/userLogic_forTest/logic_test.c:129:6:logicTest_TC3X	24	static
../Core/userLogic_forTest/logic_test.c:147:6:logicTest_TC4X	24	static
../Core/userLogic_forTest/logic_test.c:167:6:LAT_logic_test	8	static
